// Jest Snapshot v1, https://jestjs.io/docs/snapshot-testing

exports[`ConnectedScreen renders screen no repositories correctly 1`] = `
<Stack
  space="space.200"
>
  <SectionMessage
    appearance="warning"
  >
    <Text>
      Only limited amount of repositories and pull-requests are shown: max 100 repos, max 100 pulls
    </Text>
  </SectionMessage>
  <EmptyState
    header="Have no repositories"
  />
</Stack>
`;

exports[`ConnectedScreen renders screen with repositories correctly 1`] = `
<Stack
  space="space.200"
>
  <SectionMessage
    appearance="warning"
  >
    <Text>
      Only limited amount of repositories and pull-requests are shown: max 100 repos, max 100 pulls
    </Text>
  </SectionMessage>
  <Box
    backgroundColor="color.background.discovery"
    padding="space.300"
  >
    <Stack>
      <Heading
        as="h2"
      >
        <Inline>
          <Link
            href="https://github.com/org/design-system"
          >
            design-system
          </Link>
          <Tag
            text="public"
          />
          <Lozenge
            appearance="success"
          >
            Not disabled
          </Lozenge>
          <Lozenge
            appearance="success"
          >
            Not archived
          </Lozenge>
        </Inline>
      </Heading>
      <Text>
        Created: 
        Mon May 01 2023
      </Text>
      <Text>
        Owner: 
        org
      </Text>
      <TagGroup>
        <Tag
          text="TypeScript"
        />
        <Tag
          text="CSS"
        />
      </TagGroup>
      <DynamicTable
        caption="Repository Open PRs: 2"
        rowsPerPage={10}
      >
        <ContentWrapper
          name="head"
        >
          <Cell
            cellKey="issue"
            isSortable={true}
          >
            Issue
          </Cell>
          <Cell
            cellKey="isIssueClosed"
            isSortable={false}
          >
            Is Closed
          </Cell>
          <Cell
            cellKey="title"
            isSortable={true}
          >
            Title
          </Cell>
          <Cell
            cellKey="author"
            isSortable={true}
          >
            Author
          </Cell>
          <Cell
            cellKey="state"
            isSortable={true}
          >
            State
          </Cell>
          <Cell
            cellKey="isDraft"
            isSortable={false}
          >
            Is Draft
          </Cell>
          <Cell
            cellKey="isClean"
            isSortable={false}
          >
            Is Clean
          </Cell>
          <Cell
            cellKey="actions"
            isSortable={false}
          >
            Actions
          </Cell>
        </ContentWrapper>
        <ContentWrapper
          name="rows"
        >
          <Row
            rowKey="row-0-https://github.com/org/repo/pull/42"
          >
            <Cell
              cellKey="issue"
            >
              <Link
                href="/browse/KAN-1"
              >
                KAN-1
              </Link>
            </Cell>
            <Cell
              cellKey="isIssueClosed"
            >
              <Lozenge
                appearance="moved"
              >
                No
              </Lozenge>
            </Cell>
            <Cell
              cellKey="title"
            >
              <Link
                href="https://github.com/org/repo/pull/42"
              >
                Add dark mode support
              </Link>
            </Cell>
            <Cell
              cellKey="author"
            >
              octocat
            </Cell>
            <Cell
              cellKey="state"
            >
              <Lozenge
                appearance="inprogress"
              >
                OPEN
              </Lozenge>
            </Cell>
            <Cell
              cellKey="isDraft"
            >
              <Lozenge
                appearance="moved"
              >
                No
              </Lozenge>
            </Cell>
            <Cell
              cellKey="isClean"
            >
              <Lozenge
                appearance="moved"
              >
                Yes
              </Lozenge>
            </Cell>
            <Cell
              cellKey="actions"
            >
              <ButtonGroup>
                <LoadingButton
                  isLoading={false}
                  onClick={[Function]}
                >
                  Approve
                </LoadingButton>
                <LoadingButton
                  isDisabled={false}
                  isLoading={false}
                  onClick={[Function]}
                >
                  Merge
                </LoadingButton>
              </ButtonGroup>
            </Cell>
          </Row>
          <Row
            rowKey="row-1-https://github.com/org/repo/pull/17"
          >
            <Cell
              cellKey="issue"
            >
              <Link
                href="/browse/DEF-456"
              >
                DEF-456
              </Link>
            </Cell>
            <Cell
              cellKey="isIssueClosed"
            >
              <Lozenge
                appearance="moved"
              >
                Yes
              </Lozenge>
            </Cell>
            <Cell
              cellKey="title"
            >
              <Link
                href="https://github.com/org/repo/pull/17"
              >
                Fix typo in README
              </Link>
            </Cell>
            <Cell
              cellKey="author"
            >
              hubot
            </Cell>
            <Cell
              cellKey="state"
            >
              <Lozenge
                appearance="inprogress"
              >
                CLOSED
              </Lozenge>
            </Cell>
            <Cell
              cellKey="isDraft"
            >
              <Lozenge
                appearance="moved"
              >
                No
              </Lozenge>
            </Cell>
            <Cell
              cellKey="isClean"
            >
              <Lozenge
                appearance="moved"
              >
                No
              </Lozenge>
            </Cell>
            <Cell
              cellKey="actions"
            >
              <ButtonGroup>
                <LoadingButton
                  isLoading={false}
                  onClick={[Function]}
                >
                  Approve
                </LoadingButton>
                <LoadingButton
                  isDisabled={true}
                  isLoading={false}
                  onClick={[Function]}
                >
                  Merge
                </LoadingButton>
              </ButtonGroup>
            </Cell>
          </Row>
        </ContentWrapper>
      </DynamicTable>
    </Stack>
  </Box>
  <Box
    backgroundColor="color.background.discovery"
    padding="space.300"
  >
    <Stack>
      <Heading
        as="h2"
      >
        <Inline>
          <Link
            href="https://github.com/org/legacy-app"
          >
            legacy-app
          </Link>
          <Tag
            text="private"
          />
          <Lozenge
            appearance="removed"
          >
            Disabled
          </Lozenge>
          <Lozenge
            appearance="removed"
          >
            Archived
          </Lozenge>
        </Inline>
      </Heading>
      <Text>
        Created: 
        Wed Jan 15 2020
      </Text>
      <Text>
        Owner: 
        org
      </Text>
      <TagGroup>
        <Tag
          text="JavaScript"
        />
      </TagGroup>
      <EmptyState
        header="Have no opened pull requests"
      />
    </Stack>
  </Box>
</Stack>
`;
